  HV-Travel.Domain -> E:\Clone Repo\ASP.NET-HV-Travel\HV-Travel.Domain\bin\Debug\net8.0\HV-Travel.Domain.dll
  HV-Travel.Application -> E:\Clone Repo\ASP.NET-HV-Travel\HV-Travel.Application\bin\Debug\net8.0\HV-Travel.Application.dll
  HV-Travel.Infrastructure -> E:\Clone Repo\ASP.NET-HV-Travel\HV-Travel.Infrastructure\bin\Debug\net8.0\HV-Travel.Infrastructure.dll
E:\Clone Repo\ASP.NET-HV-Travel\HV-Travel.Web\Areas\Admin\Controllers\AuthController.cs(73,98): warning CS8625: Cannot convert null literal to non-nullable reference type. [E:\Clone Repo\ASP.NET-HV-Travel\HV-Travel.Web\HV-Travel.Web.csproj]
E:\Clone Repo\ASP.NET-HV-Travel\HV-Travel.Web\Models\CustomerIndexViewModel.cs(26,43): warning CS8618: Non-nullable property 'SegmentPercentages' must contain a non-null value when exiting constructor. Consider adding the 'required' modifier or declaring the property as nullable. [E:\Clone Repo\ASP.NET-HV-Travel\HV-Travel.Web\HV-Travel.Web.csproj]
E:\Clone Repo\ASP.NET-HV-Travel\HV-Travel.Web\Models\CustomerIndexViewModel.cs(7,38): warning CS8618: Non-nullable property 'Customers' must contain a non-null value when exiting constructor. Consider adding the 'required' modifier or declaring the property as nullable. [E:\Clone Repo\ASP.NET-HV-Travel\HV-Travel.Web\HV-Travel.Web.csproj]
E:\Clone Repo\ASP.NET-HV-Travel\HV-Travel.Web\Models\CustomerIndexViewModel.cs(8,35): warning CS8618: Non-nullable property 'Pagination' must contain a non-null value when exiting constructor. Consider adding the 'required' modifier or declaring the property as nullable. [E:\Clone Repo\ASP.NET-HV-Travel\HV-Travel.Web\HV-Travel.Web.csproj]
E:\Clone Repo\ASP.NET-HV-Travel\HV-Travel.Web\Models\CustomerIndexViewModel.cs(9,37): warning CS8618: Non-nullable property 'Stats' must contain a non-null value when exiting constructor. Consider adding the 'required' modifier or declaring the property as nullable. [E:\Clone Repo\ASP.NET-HV-Travel\HV-Travel.Web\HV-Travel.Web.csproj]
E:\Clone Repo\ASP.NET-HV-Travel\HV-Travel.Web\Models\DashboardViewModel.cs(12,37): warning CS8618: Non-nullable property 'RecentBookings' must contain a non-null value when exiting constructor. Consider adding the 'required' modifier or declaring the property as nullable. [E:\Clone Repo\ASP.NET-HV-Travel\HV-Travel.Web\HV-Travel.Web.csproj]
E:\Clone Repo\ASP.NET-HV-Travel\HV-Travel.Web\Models\DashboardViewModel.cs(13,34): warning CS8618: Non-nullable property 'PopularTours' must contain a non-null value when exiting constructor. Consider adding the 'required' modifier or declaring the property as nullable. [E:\Clone Repo\ASP.NET-HV-Travel\HV-Travel.Web\HV-Travel.Web.csproj]
E:\Clone Repo\ASP.NET-HV-Travel\HV-Travel.Web\Areas\Admin\Controllers\AuthController.cs(23,17): warning CS8602: Dereference of a possibly null reference. [E:\Clone Repo\ASP.NET-HV-Travel\HV-Travel.Web\HV-Travel.Web.csproj]
E:\Clone Repo\ASP.NET-HV-Travel\HV-Travel.Web\Areas\Admin\Controllers\AuthController.cs(33,17): warning CS8602: Dereference of a possibly null reference. [E:\Clone Repo\ASP.NET-HV-Travel\HV-Travel.Web\HV-Travel.Web.csproj]
E:\Clone Repo\ASP.NET-HV-Travel\HV-Travel.Web\Areas\Admin\Views\Shared\_Layout.cshtml(95,74): warning CS8600: Converting null literal or possible null value to non-nullable type. [E:\Clone Repo\ASP.NET-HV-Travel\HV-Travel.Web\HV-Travel.Web.csproj]
E:\Clone Repo\ASP.NET-HV-Travel\HV-Travel.Web\Areas\Admin\Views\Shared\_Layout.cshtml(99,74): warning CS8600: Converting null literal or possible null value to non-nullable type. [E:\Clone Repo\ASP.NET-HV-Travel\HV-Travel.Web\HV-Travel.Web.csproj]
E:\Clone Repo\ASP.NET-HV-Travel\HV-Travel.Web\Areas\Admin\Views\Shared\_Layout.cshtml(103,74): warning CS8600: Converting null literal or possible null value to non-nullable type. [E:\Clone Repo\ASP.NET-HV-Travel\HV-Travel.Web\HV-Travel.Web.csproj]
E:\Clone Repo\ASP.NET-HV-Travel\HV-Travel.Web\Areas\Admin\Views\Shared\_Layout.cshtml(108,79): warning CS8600: Converting null literal or possible null value to non-nullable type. [E:\Clone Repo\ASP.NET-HV-Travel\HV-Travel.Web\HV-Travel.Web.csproj]
E:\Clone Repo\ASP.NET-HV-Travel\HV-Travel.Web\Areas\Admin\Views\Shared\_Layout.cshtml(112,74): warning CS8600: Converting null literal or possible null value to non-nullable type. [E:\Clone Repo\ASP.NET-HV-Travel\HV-Travel.Web\HV-Travel.Web.csproj]
E:\Clone Repo\ASP.NET-HV-Travel\HV-Travel.Web\Areas\Admin\Views\Shared\_Layout.cshtml(118,78): warning CS8600: Converting null literal or possible null value to non-nullable type. [E:\Clone Repo\ASP.NET-HV-Travel\HV-Travel.Web\HV-Travel.Web.csproj]
E:\Clone Repo\ASP.NET-HV-Travel\HV-Travel.Web\Areas\Admin\Views\Shared\_Layout.cshtml(228,101): warning CS8602: Dereference of a possibly null reference. [E:\Clone Repo\ASP.NET-HV-Travel\HV-Travel.Web\HV-Travel.Web.csproj]
E:\Clone Repo\ASP.NET-HV-Travel\HV-Travel.Web\Areas\Admin\Views\Bookings\Index.cshtml(156,249): warning CS8604: Possible null reference argument for parameter 'status' in 'string GetStatusVietnamese(string status)'. [E:\Clone Repo\ASP.NET-HV-Travel\HV-Travel.Web\HV-Travel.Web.csproj]
E:\Clone Repo\ASP.NET-HV-Travel\HV-Travel.Web\Areas\Admin\Views\Users\Index.cshtml(6,26): warning CS8600: Converting null literal or possible null value to non-nullable type. [E:\Clone Repo\ASP.NET-HV-Travel\HV-Travel.Web\HV-Travel.Web.csproj]
  HV-Travel.Web -> E:\Clone Repo\ASP.NET-HV-Travel\HV-Travel.Web\bin\Debug\net8.0\HV-Travel.Web.dll

Build succeeded.

E:\Clone Repo\ASP.NET-HV-Travel\HV-Travel.Web\Areas\Admin\Controllers\AuthController.cs(73,98): warning CS8625: Cannot convert null literal to non-nullable reference type. [E:\Clone Repo\ASP.NET-HV-Travel\HV-Travel.Web\HV-Travel.Web.csproj]
E:\Clone Repo\ASP.NET-HV-Travel\HV-Travel.Web\Models\CustomerIndexViewModel.cs(26,43): warning CS8618: Non-nullable property 'SegmentPercentages' must contain a non-null value when exiting constructor. Consider adding the 'required' modifier or declaring the property as nullable. [E:\Clone Repo\ASP.NET-HV-Travel\HV-Travel.Web\HV-Travel.Web.csproj]
E:\Clone Repo\ASP.NET-HV-Travel\HV-Travel.Web\Models\CustomerIndexViewModel.cs(7,38): warning CS8618: Non-nullable property 'Customers' must contain a non-null value when exiting constructor. Consider adding the 'required' modifier or declaring the property as nullable. [E:\Clone Repo\ASP.NET-HV-Travel\HV-Travel.Web\HV-Travel.Web.csproj]
E:\Clone Repo\ASP.NET-HV-Travel\HV-Travel.Web\Models\CustomerIndexViewModel.cs(8,35): warning CS8618: Non-nullable property 'Pagination' must contain a non-null value when exiting constructor. Consider adding the 'required' modifier or declaring the property as nullable. [E:\Clone Repo\ASP.NET-HV-Travel\HV-Travel.Web\HV-Travel.Web.csproj]
E:\Clone Repo\ASP.NET-HV-Travel\HV-Travel.Web\Models\CustomerIndexViewModel.cs(9,37): warning CS8618: Non-nullable property 'Stats' must contain a non-null value when exiting constructor. Consider adding the 'required' modifier or declaring the property as nullable. [E:\Clone Repo\ASP.NET-HV-Travel\HV-Travel.Web\HV-Travel.Web.csproj]
E:\Clone Repo\ASP.NET-HV-Travel\HV-Travel.Web\Models\DashboardViewModel.cs(12,37): warning CS8618: Non-nullable property 'RecentBookings' must contain a non-null value when exiting constructor. Consider adding the 'required' modifier or declaring the property as nullable. [E:\Clone Repo\ASP.NET-HV-Travel\HV-Travel.Web\HV-Travel.Web.csproj]
E:\Clone Repo\ASP.NET-HV-Travel\HV-Travel.Web\Models\DashboardViewModel.cs(13,34): warning CS8618: Non-nullable property 'PopularTours' must contain a non-null value when exiting constructor. Consider adding the 'required' modifier or declaring the property as nullable. [E:\Clone Repo\ASP.NET-HV-Travel\HV-Travel.Web\HV-Travel.Web.csproj]
E:\Clone Repo\ASP.NET-HV-Travel\HV-Travel.Web\Areas\Admin\Controllers\AuthController.cs(23,17): warning CS8602: Dereference of a possibly null reference. [E:\Clone Repo\ASP.NET-HV-Travel\HV-Travel.Web\HV-Travel.Web.csproj]
E:\Clone Repo\ASP.NET-HV-Travel\HV-Travel.Web\Areas\Admin\Controllers\AuthController.cs(33,17): warning CS8602: Dereference of a possibly null reference. [E:\Clone Repo\ASP.NET-HV-Travel\HV-Travel.Web\HV-Travel.Web.csproj]
E:\Clone Repo\ASP.NET-HV-Travel\HV-Travel.Web\Areas\Admin\Views\Shared\_Layout.cshtml(95,74): warning CS8600: Converting null literal or possible null value to non-nullable type. [E:\Clone Repo\ASP.NET-HV-Travel\HV-Travel.Web\HV-Travel.Web.csproj]
E:\Clone Repo\ASP.NET-HV-Travel\HV-Travel.Web\Areas\Admin\Views\Shared\_Layout.cshtml(99,74): warning CS8600: Converting null literal or possible null value to non-nullable type. [E:\Clone Repo\ASP.NET-HV-Travel\HV-Travel.Web\HV-Travel.Web.csproj]
E:\Clone Repo\ASP.NET-HV-Travel\HV-Travel.Web\Areas\Admin\Views\Shared\_Layout.cshtml(103,74): warning CS8600: Converting null literal or possible null value to non-nullable type. [E:\Clone Repo\ASP.NET-HV-Travel\HV-Travel.Web\HV-Travel.Web.csproj]
E:\Clone Repo\ASP.NET-HV-Travel\HV-Travel.Web\Areas\Admin\Views\Shared\_Layout.cshtml(108,79): warning CS8600: Converting null literal or possible null value to non-nullable type. [E:\Clone Repo\ASP.NET-HV-Travel\HV-Travel.Web\HV-Travel.Web.csproj]
E:\Clone Repo\ASP.NET-HV-Travel\HV-Travel.Web\Areas\Admin\Views\Shared\_Layout.cshtml(112,74): warning CS8600: Converting null literal or possible null value to non-nullable type. [E:\Clone Repo\ASP.NET-HV-Travel\HV-Travel.Web\HV-Travel.Web.csproj]
E:\Clone Repo\ASP.NET-HV-Travel\HV-Travel.Web\Areas\Admin\Views\Shared\_Layout.cshtml(118,78): warning CS8600: Converting null literal or possible null value to non-nullable type. [E:\Clone Repo\ASP.NET-HV-Travel\HV-Travel.Web\HV-Travel.Web.csproj]
E:\Clone Repo\ASP.NET-HV-Travel\HV-Travel.Web\Areas\Admin\Views\Shared\_Layout.cshtml(228,101): warning CS8602: Dereference of a possibly null reference. [E:\Clone Repo\ASP.NET-HV-Travel\HV-Travel.Web\HV-Travel.Web.csproj]
E:\Clone Repo\ASP.NET-HV-Travel\HV-Travel.Web\Areas\Admin\Views\Bookings\Index.cshtml(156,249): warning CS8604: Possible null reference argument for parameter 'status' in 'string GetStatusVietnamese(string status)'. [E:\Clone Repo\ASP.NET-HV-Travel\HV-Travel.Web\HV-Travel.Web.csproj]
E:\Clone Repo\ASP.NET-HV-Travel\HV-Travel.Web\Areas\Admin\Views\Users\Index.cshtml(6,26): warning CS8600: Converting null literal or possible null value to non-nullable type. [E:\Clone Repo\ASP.NET-HV-Travel\HV-Travel.Web\HV-Travel.Web.csproj]
    18 Warning(s)
    0 Error(s)

Time Elapsed 00:00:04.41
