  Determining projects to restore...
  All projects are up-to-date for restore.
  HV-Travel.Domain -> E:\Clone Repo\ASP.NET-HV-Travel\HV-Travel.Domain\bin\Debug\net8.0\HV-Travel.Domain.dll
  HV-Travel.Application -> E:\Clone Repo\ASP.NET-HV-Travel\HV-Travel.Application\bin\Debug\net8.0\HV-Travel.Application.dll
  HV-Travel.Infrastructure -> E:\Clone Repo\ASP.NET-HV-Travel\HV-Travel.Infrastructure\bin\Debug\net8.0\HV-Travel.Infrastructure.dll
C:\Program Files\dotnet\sdk\10.0.103\Microsoft.Common.CurrentVersion.targets(5381,5): warning MSB3026: Could not copy "E:\Clone Repo\ASP.NET-HV-Travel\HV-Travel.Web\obj\Debug\net8.0\apphost.exe" to "bin\Debug\net8.0\HV-Travel.Web.exe". Beginning retry 1 in 1000ms. The process cannot access the file 'E:\Clone Repo\ASP.NET-HV-Travel\HV-Travel.Web\bin\Debug\net8.0\HV-Travel.Web.exe' because it is being used by another process. The file is locked by: "HV-Travel.Web (19368)" [E:\Clone Repo\ASP.NET-HV-Travel\HV-Travel.Web\HV-Travel.Web.csproj]
C:\Program Files\dotnet\sdk\10.0.103\Microsoft.Common.CurrentVersion.targets(5381,5): warning MSB3026: Could not copy "E:\Clone Repo\ASP.NET-HV-Travel\HV-Travel.Web\obj\Debug\net8.0\apphost.exe" to "bin\Debug\net8.0\HV-Travel.Web.exe". Beginning retry 2 in 1000ms. The process cannot access the file 'E:\Clone Repo\ASP.NET-HV-Travel\HV-Travel.Web\bin\Debug\net8.0\HV-Travel.Web.exe' because it is being used by another process. The file is locked by: "HV-Travel.Web (19368)" [E:\Clone Repo\ASP.NET-HV-Travel\HV-Travel.Web\HV-Travel.Web.csproj]
C:\Program Files\dotnet\sdk\10.0.103\Microsoft.Common.CurrentVersion.targets(5381,5): warning MSB3026: Could not copy "E:\Clone Repo\ASP.NET-HV-Travel\HV-Travel.Web\obj\Debug\net8.0\apphost.exe" to "bin\Debug\net8.0\HV-Travel.Web.exe". Beginning retry 3 in 1000ms. The process cannot access the file 'E:\Clone Repo\ASP.NET-HV-Travel\HV-Travel.Web\bin\Debug\net8.0\HV-Travel.Web.exe' because it is being used by another process. The file is locked by: "HV-Travel.Web (19368)" [E:\Clone Repo\ASP.NET-HV-Travel\HV-Travel.Web\HV-Travel.Web.csproj]
C:\Program Files\dotnet\sdk\10.0.103\Microsoft.Common.CurrentVersion.targets(5381,5): warning MSB3026: Could not copy "E:\Clone Repo\ASP.NET-HV-Travel\HV-Travel.Web\obj\Debug\net8.0\apphost.exe" to "bin\Debug\net8.0\HV-Travel.Web.exe". Beginning retry 4 in 1000ms. The process cannot access the file 'E:\Clone Repo\ASP.NET-HV-Travel\HV-Travel.Web\bin\Debug\net8.0\HV-Travel.Web.exe' because it is being used by another process. The file is locked by: "HV-Travel.Web (19368)" [E:\Clone Repo\ASP.NET-HV-Travel\HV-Travel.Web\HV-Travel.Web.csproj]
C:\Program Files\dotnet\sdk\10.0.103\Microsoft.Common.CurrentVersion.targets(5381,5): warning MSB3026: Could not copy "E:\Clone Repo\ASP.NET-HV-Travel\HV-Travel.Web\obj\Debug\net8.0\apphost.exe" to "bin\Debug\net8.0\HV-Travel.Web.exe". Beginning retry 5 in 1000ms. The process cannot access the file 'E:\Clone Repo\ASP.NET-HV-Travel\HV-Travel.Web\bin\Debug\net8.0\HV-Travel.Web.exe' because it is being used by another process. The file is locked by: "HV-Travel.Web (19368)" [E:\Clone Repo\ASP.NET-HV-Travel\HV-Travel.Web\HV-Travel.Web.csproj]
C:\Program Files\dotnet\sdk\10.0.103\Microsoft.Common.CurrentVersion.targets(5381,5): warning MSB3026: Could not copy "E:\Clone Repo\ASP.NET-HV-Travel\HV-Travel.Web\obj\Debug\net8.0\apphost.exe" to "bin\Debug\net8.0\HV-Travel.Web.exe". Beginning retry 6 in 1000ms. The process cannot access the file 'E:\Clone Repo\ASP.NET-HV-Travel\HV-Travel.Web\bin\Debug\net8.0\HV-Travel.Web.exe' because it is being used by another process. The file is locked by: "HV-Travel.Web (19368)" [E:\Clone Repo\ASP.NET-HV-Travel\HV-Travel.Web\HV-Travel.Web.csproj]
C:\Program Files\dotnet\sdk\10.0.103\Microsoft.Common.CurrentVersion.targets(5381,5): warning MSB3026: Could not copy "E:\Clone Repo\ASP.NET-HV-Travel\HV-Travel.Web\obj\Debug\net8.0\apphost.exe" to "bin\Debug\net8.0\HV-Travel.Web.exe". Beginning retry 7 in 1000ms. The process cannot access the file 'E:\Clone Repo\ASP.NET-HV-Travel\HV-Travel.Web\bin\Debug\net8.0\HV-Travel.Web.exe' because it is being used by another process. The file is locked by: "HV-Travel.Web (19368)" [E:\Clone Repo\ASP.NET-HV-Travel\HV-Travel.Web\HV-Travel.Web.csproj]
C:\Program Files\dotnet\sdk\10.0.103\Microsoft.Common.CurrentVersion.targets(5381,5): warning MSB3026: Could not copy "E:\Clone Repo\ASP.NET-HV-Travel\HV-Travel.Web\obj\Debug\net8.0\apphost.exe" to "bin\Debug\net8.0\HV-Travel.Web.exe". Beginning retry 8 in 1000ms. The process cannot access the file 'E:\Clone Repo\ASP.NET-HV-Travel\HV-Travel.Web\bin\Debug\net8.0\HV-Travel.Web.exe' because it is being used by another process. The file is locked by: "HV-Travel.Web (19368)" [E:\Clone Repo\ASP.NET-HV-Travel\HV-Travel.Web\HV-Travel.Web.csproj]
C:\Program Files\dotnet\sdk\10.0.103\Microsoft.Common.CurrentVersion.targets(5381,5): warning MSB3026: Could not copy "E:\Clone Repo\ASP.NET-HV-Travel\HV-Travel.Web\obj\Debug\net8.0\apphost.exe" to "bin\Debug\net8.0\HV-Travel.Web.exe". Beginning retry 9 in 1000ms. The process cannot access the file 'E:\Clone Repo\ASP.NET-HV-Travel\HV-Travel.Web\bin\Debug\net8.0\HV-Travel.Web.exe' because it is being used by another process. The file is locked by: "HV-Travel.Web (19368)" [E:\Clone Repo\ASP.NET-HV-Travel\HV-Travel.Web\HV-Travel.Web.csproj]
C:\Program Files\dotnet\sdk\10.0.103\Microsoft.Common.CurrentVersion.targets(5381,5): warning MSB3026: Could not copy "E:\Clone Repo\ASP.NET-HV-Travel\HV-Travel.Web\obj\Debug\net8.0\apphost.exe" to "bin\Debug\net8.0\HV-Travel.Web.exe". Beginning retry 10 in 1000ms. The process cannot access the file 'E:\Clone Repo\ASP.NET-HV-Travel\HV-Travel.Web\bin\Debug\net8.0\HV-Travel.Web.exe' because it is being used by another process. The file is locked by: "HV-Travel.Web (19368)" [E:\Clone Repo\ASP.NET-HV-Travel\HV-Travel.Web\HV-Travel.Web.csproj]
C:\Program Files\dotnet\sdk\10.0.103\Microsoft.Common.CurrentVersion.targets(5381,5): error MSB3027: Could not copy "E:\Clone Repo\ASP.NET-HV-Travel\HV-Travel.Web\obj\Debug\net8.0\apphost.exe" to "bin\Debug\net8.0\HV-Travel.Web.exe". Exceeded retry count of 10. Failed. The file is locked by: "HV-Travel.Web (19368)" [E:\Clone Repo\ASP.NET-HV-Travel\HV-Travel.Web\HV-Travel.Web.csproj]
C:\Program Files\dotnet\sdk\10.0.103\Microsoft.Common.CurrentVersion.targets(5381,5): error MSB3021: Unable to copy file "E:\Clone Repo\ASP.NET-HV-Travel\HV-Travel.Web\obj\Debug\net8.0\apphost.exe" to "bin\Debug\net8.0\HV-Travel.Web.exe". The process cannot access the file 'E:\Clone Repo\ASP.NET-HV-Travel\HV-Travel.Web\bin\Debug\net8.0\HV-Travel.Web.exe' because it is being used by another process. [E:\Clone Repo\ASP.NET-HV-Travel\HV-Travel.Web\HV-Travel.Web.csproj]

Build FAILED.

C:\Program Files\dotnet\sdk\10.0.103\Microsoft.Common.CurrentVersion.targets(5381,5): warning MSB3026: Could not copy "E:\Clone Repo\ASP.NET-HV-Travel\HV-Travel.Web\obj\Debug\net8.0\apphost.exe" to "bin\Debug\net8.0\HV-Travel.Web.exe". Beginning retry 1 in 1000ms. The process cannot access the file 'E:\Clone Repo\ASP.NET-HV-Travel\HV-Travel.Web\bin\Debug\net8.0\HV-Travel.Web.exe' because it is being used by another process. The file is locked by: "HV-Travel.Web (19368)" [E:\Clone Repo\ASP.NET-HV-Travel\HV-Travel.Web\HV-Travel.Web.csproj]
C:\Program Files\dotnet\sdk\10.0.103\Microsoft.Common.CurrentVersion.targets(5381,5): warning MSB3026: Could not copy "E:\Clone Repo\ASP.NET-HV-Travel\HV-Travel.Web\obj\Debug\net8.0\apphost.exe" to "bin\Debug\net8.0\HV-Travel.Web.exe". Beginning retry 2 in 1000ms. The process cannot access the file 'E:\Clone Repo\ASP.NET-HV-Travel\HV-Travel.Web\bin\Debug\net8.0\HV-Travel.Web.exe' because it is being used by another process. The file is locked by: "HV-Travel.Web (19368)" [E:\Clone Repo\ASP.NET-HV-Travel\HV-Travel.Web\HV-Travel.Web.csproj]
C:\Program Files\dotnet\sdk\10.0.103\Microsoft.Common.CurrentVersion.targets(5381,5): warning MSB3026: Could not copy "E:\Clone Repo\ASP.NET-HV-Travel\HV-Travel.Web\obj\Debug\net8.0\apphost.exe" to "bin\Debug\net8.0\HV-Travel.Web.exe". Beginning retry 3 in 1000ms. The process cannot access the file 'E:\Clone Repo\ASP.NET-HV-Travel\HV-Travel.Web\bin\Debug\net8.0\HV-Travel.Web.exe' because it is being used by another process. The file is locked by: "HV-Travel.Web (19368)" [E:\Clone Repo\ASP.NET-HV-Travel\HV-Travel.Web\HV-Travel.Web.csproj]
C:\Program Files\dotnet\sdk\10.0.103\Microsoft.Common.CurrentVersion.targets(5381,5): warning MSB3026: Could not copy "E:\Clone Repo\ASP.NET-HV-Travel\HV-Travel.Web\obj\Debug\net8.0\apphost.exe" to "bin\Debug\net8.0\HV-Travel.Web.exe". Beginning retry 4 in 1000ms. The process cannot access the file 'E:\Clone Repo\ASP.NET-HV-Travel\HV-Travel.Web\bin\Debug\net8.0\HV-Travel.Web.exe' because it is being used by another process. The file is locked by: "HV-Travel.Web (19368)" [E:\Clone Repo\ASP.NET-HV-Travel\HV-Travel.Web\HV-Travel.Web.csproj]
C:\Program Files\dotnet\sdk\10.0.103\Microsoft.Common.CurrentVersion.targets(5381,5): warning MSB3026: Could not copy "E:\Clone Repo\ASP.NET-HV-Travel\HV-Travel.Web\obj\Debug\net8.0\apphost.exe" to "bin\Debug\net8.0\HV-Travel.Web.exe". Beginning retry 5 in 1000ms. The process cannot access the file 'E:\Clone Repo\ASP.NET-HV-Travel\HV-Travel.Web\bin\Debug\net8.0\HV-Travel.Web.exe' because it is being used by another process. The file is locked by: "HV-Travel.Web (19368)" [E:\Clone Repo\ASP.NET-HV-Travel\HV-Travel.Web\HV-Travel.Web.csproj]
C:\Program Files\dotnet\sdk\10.0.103\Microsoft.Common.CurrentVersion.targets(5381,5): warning MSB3026: Could not copy "E:\Clone Repo\ASP.NET-HV-Travel\HV-Travel.Web\obj\Debug\net8.0\apphost.exe" to "bin\Debug\net8.0\HV-Travel.Web.exe". Beginning retry 6 in 1000ms. The process cannot access the file 'E:\Clone Repo\ASP.NET-HV-Travel\HV-Travel.Web\bin\Debug\net8.0\HV-Travel.Web.exe' because it is being used by another process. The file is locked by: "HV-Travel.Web (19368)" [E:\Clone Repo\ASP.NET-HV-Travel\HV-Travel.Web\HV-Travel.Web.csproj]
C:\Program Files\dotnet\sdk\10.0.103\Microsoft.Common.CurrentVersion.targets(5381,5): warning MSB3026: Could not copy "E:\Clone Repo\ASP.NET-HV-Travel\HV-Travel.Web\obj\Debug\net8.0\apphost.exe" to "bin\Debug\net8.0\HV-Travel.Web.exe". Beginning retry 7 in 1000ms. The process cannot access the file 'E:\Clone Repo\ASP.NET-HV-Travel\HV-Travel.Web\bin\Debug\net8.0\HV-Travel.Web.exe' because it is being used by another process. The file is locked by: "HV-Travel.Web (19368)" [E:\Clone Repo\ASP.NET-HV-Travel\HV-Travel.Web\HV-Travel.Web.csproj]
C:\Program Files\dotnet\sdk\10.0.103\Microsoft.Common.CurrentVersion.targets(5381,5): warning MSB3026: Could not copy "E:\Clone Repo\ASP.NET-HV-Travel\HV-Travel.Web\obj\Debug\net8.0\apphost.exe" to "bin\Debug\net8.0\HV-Travel.Web.exe". Beginning retry 8 in 1000ms. The process cannot access the file 'E:\Clone Repo\ASP.NET-HV-Travel\HV-Travel.Web\bin\Debug\net8.0\HV-Travel.Web.exe' because it is being used by another process. The file is locked by: "HV-Travel.Web (19368)" [E:\Clone Repo\ASP.NET-HV-Travel\HV-Travel.Web\HV-Travel.Web.csproj]
C:\Program Files\dotnet\sdk\10.0.103\Microsoft.Common.CurrentVersion.targets(5381,5): warning MSB3026: Could not copy "E:\Clone Repo\ASP.NET-HV-Travel\HV-Travel.Web\obj\Debug\net8.0\apphost.exe" to "bin\Debug\net8.0\HV-Travel.Web.exe". Beginning retry 9 in 1000ms. The process cannot access the file 'E:\Clone Repo\ASP.NET-HV-Travel\HV-Travel.Web\bin\Debug\net8.0\HV-Travel.Web.exe' because it is being used by another process. The file is locked by: "HV-Travel.Web (19368)" [E:\Clone Repo\ASP.NET-HV-Travel\HV-Travel.Web\HV-Travel.Web.csproj]
C:\Program Files\dotnet\sdk\10.0.103\Microsoft.Common.CurrentVersion.targets(5381,5): warning MSB3026: Could not copy "E:\Clone Repo\ASP.NET-HV-Travel\HV-Travel.Web\obj\Debug\net8.0\apphost.exe" to "bin\Debug\net8.0\HV-Travel.Web.exe". Beginning retry 10 in 1000ms. The process cannot access the file 'E:\Clone Repo\ASP.NET-HV-Travel\HV-Travel.Web\bin\Debug\net8.0\HV-Travel.Web.exe' because it is being used by another process. The file is locked by: "HV-Travel.Web (19368)" [E:\Clone Repo\ASP.NET-HV-Travel\HV-Travel.Web\HV-Travel.Web.csproj]
C:\Program Files\dotnet\sdk\10.0.103\Microsoft.Common.CurrentVersion.targets(5381,5): error MSB3027: Could not copy "E:\Clone Repo\ASP.NET-HV-Travel\HV-Travel.Web\obj\Debug\net8.0\apphost.exe" to "bin\Debug\net8.0\HV-Travel.Web.exe". Exceeded retry count of 10. Failed. The file is locked by: "HV-Travel.Web (19368)" [E:\Clone Repo\ASP.NET-HV-Travel\HV-Travel.Web\HV-Travel.Web.csproj]
C:\Program Files\dotnet\sdk\10.0.103\Microsoft.Common.CurrentVersion.targets(5381,5): error MSB3021: Unable to copy file "E:\Clone Repo\ASP.NET-HV-Travel\HV-Travel.Web\obj\Debug\net8.0\apphost.exe" to "bin\Debug\net8.0\HV-Travel.Web.exe". The process cannot access the file 'E:\Clone Repo\ASP.NET-HV-Travel\HV-Travel.Web\bin\Debug\net8.0\HV-Travel.Web.exe' because it is being used by another process. [E:\Clone Repo\ASP.NET-HV-Travel\HV-Travel.Web\HV-Travel.Web.csproj]
    10 Warning(s)
    2 Error(s)

Time Elapsed 00:00:12.42
